error[E0080]: evaluation of `<private_key_generator::VersioningConfig<0, 1000000000, 32, 24, 28, 1000000000, 800> as private_key_generator::VersionConfig>::TIMESTAMP_PRECISION_LOSS` failed
 --> src/key_generator.rs
  |
  | / ...   [/* Any value over 28 for the TIMESTAMP_PRECISION_REDUCTION parameter will make your timestamp dates off by over 8 years... */]
  | | ...       [TIMESTAMP_PRECISION_LOSS as usize]
  | |_____________________________________________^ index out of bounds: the length is 0 but the index is 28

note: the above error was encountered while instantiating `fn <private_key_generator::BinaryId<private_key_generator::typenum::UInt<private_key_generator::typenum::UInt<private_key_generator::typenum::UInt<private_key_generator::typenum::UInt<private_key_generator::typenum::UInt<private_key_generator::typenum::UInt<private_key_generator::typenum::UTerm, private_key_generator::prelude::B1>, private_key_generator::prelude::B1>, private_key_generator::prelude::B0>, private_key_generator::prelude::B0>, private_key_generator::prelude::B0>, private_key_generator::prelude::B0>, private_key_generator::typenum::UInt<private_key_generator::typenum::UInt<private_key_generator::typenum::UInt<private_key_generator::typenum::UTerm, private_key_generator::prelude::B1>, private_key_generator::prelude::B0>, private_key_generator::prelude::B1>, 5, private_key_generator::typenum::UInt<private_key_generator::typenum::UInt<private_key_generator::typenum::UInt<private_key_generator::typenum::UInt<private_key_generator::typenum::UInt<private_key_generator::typenum::UInt<private_key_generator::typenum::UTerm, private_key_generator::prelude::B1>, private_key_generator::prelude::B1>, private_key_generator::prelude::B1>, private_key_generator::prelude::B0>, private_key_generator::prelude::B1>, private_key_generator::prelude::B0>> as private_key_generator::EncodedId>::generate::<private_key_generator::VersioningConfig<0, 1000000000, 32, 24, 28, 1000000000, 800>>`
   --> src/key_generator.rs
    |
    |           let (mut id, trimmed_timestamp) = Id::generate::<V>(
    |  ___________________________________________^
    | |             prefix,
    | |             expiration,
    | |             associated_data.is_some(),
    | |             self.current_version_epoch,
    | |             rng,
    | |         )?;
    | |_________^
